// Jest Snapshot v1, https://goo.gl/fbAQLP

exports[`Tests for App component Test SIGN_IN_REQUEST 1`] = `
<ul
  className="list-group"
  data-test="sidebarMenu"
>
  <li
    className="list-group-item p-0"
  >
    <Link
      className="list-group-item-action"
      to="/signin"
    >
      <LinkAnchor
        className="list-group-item-action"
        href="/signin"
        navigate={[Function]}
      >
        <a
          className="list-group-item-action"
          href="/signin"
          onClick={[Function]}
        >
          Sign In
        </a>
      </LinkAnchor>
    </Link>
  </li>
  <li
    className="list-group-item p-0"
  >
    <Link
      className="list-group-item-action"
      to="/signup"
    >
      <LinkAnchor
        className="list-group-item-action"
        href="/signup"
        navigate={[Function]}
      >
        <a
          className="list-group-item-action"
          href="/signup"
          onClick={[Function]}
        >
          Sign Up
        </a>
      </LinkAnchor>
    </Link>
  </li>
</ul>
`;
